error[E0658]: non-inline modules in proc macro input are unstable
 --> tests/macro/hive/should_fail/module_no_body.rs:2:1
  |
2 | pub mod tests;
  | ^^^^^^^^^^^^^^
  |
  = note: see issue #54727 <https://github.com/rust-lang/rust/issues/54727> for more information
  = help: add `#![feature(proc_macro_hygiene)]` to the crate attributes to enable

error: Top level module for Hive must have a body
 --> tests/macro/hive/should_fail/module_no_body.rs:2:1
  |
2 | pub mod tests;
  | ^^^^^^^^^^^^^^
  |
  = help: Add a module body
  = note: example:

          #[hive]
          pub mod tests {
          // Testfunctions etc...
          }
