error[E0308]: mismatched types
  --> tests/typesafety/get.rs:13:35
   |
13 |     let wrong_type: Option<u64> = tree.b_get(&my_key).unwrap();
   |                     -----------   ^^^^^^^^^^^^^^^^^^^^^^^^^^^^ expected `Option<u64>`, found `Option<u8>`
   |                     |
   |                     expected due to this
   |
   = note: expected enum `Option<u64>`
              found enum `Option<u8>`
