error[E0308]: mismatched types
  --> tests/typesafety/remove.rs:13:34
   |
13 |     let wrong_type: Option<()> = tree.b_remove(&my_key).unwrap();
   |                     ----------   ^^^^^^^^^^^^^^^^^^^^^^^^^^^^^^^ expected `()`, found `u8`
   |                     |
   |                     expected due to this
   |
   = note: expected enum `Option<()>`
              found enum `Option<u8>`
