error[E0308]: `?` operator has incompatible types
  --> tests/typesafety/transaction_remove.rs:14:38
   |
14 |         let previous: Option<bool> = tree.b_remove(&my_key)?;
   |                                      ^^^^^^^^^^^^^^^^^^^^^^^ expected `Option<bool>`, found `Option<u8>`
   |
   = note: `?` operator cannot convert from `Option<u8>` to `Option<bool>`
   = note: expected enum `Option<bool>`
              found enum `Option<u8>`
